kill khusbooooooooooooooooooooooooooo 

###########################These are git command for pushing file in github using cmd.###############################
Microsoft Windows [Version 10.0.19045.3448]
(c) Microsoft Corporation. All rights reserved.

C:\Users\Lenovo>git --version
git version 2.42.0.windows.2

C:\Users\Lenovo>git help config

C:\Users\Lenovo>git config --help

C:\Users\Lenovo>E:

E:\>mkdir test

E:\>cd test

E:\test>git init
Initialized empty Git repository in E:/test/.git/

E:\test>git status
On branch master

No commits yet

Untracked files:
  (use "git add <file>..." to include in what will be committed)
        Demo.txt

nothing added to commit but untracked files present (use "git add" to track)

E:\test>git add 

E:\test>git add Demo.txt // after creating test folder we create txt file name as (Demo.txt)

E:\test>git commit -m "commit txt file"
[master (root-commit) 623e150] commit txt file
 1 file changed, 1 insertion(+)
 create mode 100644 Demo.txt

E:\test>git config --global user.username

E:\test>git remote add origin https://github.com/PragatiTiwari-123/test.git // after creating repo in github and then paste here (repo link) which are created.

E:\test>git push origin master
info: please complete authentication in your browser...
Enumerating objects: 3, done.
Counting objects: 100% (3/3), done.
Writing objects: 100% (3/3), 241 bytes | 120.00 KiB/s, done.
Total 3 (delta 0), reused 0 (delta 0), pack-reused 0
remote:
remote: Create a pull request for 'master' on GitHub by visiting:
remote:      https://github.com/PragatiTiwari-123/test/pull/new/master
remote:
To https://github.com/PragatiTiwari-123/test.git
 * [new branch]      master -> master

E:\test>
E:\test>
